<html>
<body>
<pre>
<h1>µVision Build Log</h1>
<h2>Tool Versions:</h2>
IDE-Version: ?Vision V5.27.1.0
Copyright (C) 2019 ARM Ltd and ARM Germany GmbH. All rights reserved.
License Information: Chakkapong Max, TNI, LIC=----
 
Tool Versions:
Toolchain:       MDK-Lite  Version: 5.28.0.0
Toolchain Path:  C:\Keil_v5\ARM\ARMCC\Bin
C Compiler:      Armcc.exe V5.06 update 6 (build 750)
Assembler:       Armasm.exe V5.06 update 6 (build 750)
Linker/Locator:  ArmLink.exe V5.06 update 6 (build 750)
Library Manager: ArmAr.exe V5.06 update 6 (build 750)
Hex Converter:   FromElf.exe V5.06 update 6 (build 750)
CPU DLL:         SARMCM3.DLL V5.28.0.0
Dialog DLL:      DCM.DLL V1.17.3.0
Target DLL:      STLink\ST-LINKIII-KEIL_SWO.dll V3.0.6.0
Dialog DLL:      TCM.DLL V1.36.2.0
 
<h2>Project:</h2>
C:\Users\wwwma\Desktop\CPE-312 Template\CPE-312 Template\Project\MDK-ARM\STM32L152RB.uvprojx
Project File Date:  02/02/2021

<h2>Output:</h2>
*** Using Compiler 'V5.06 update 6 (build 750)', folder: 'C:\Keil_v5\ARM\ARMCC\Bin'
Rebuild target 'Demonstrate'
assembling startup_stm32l152xb.s...
compiling system_stm32l1xx.c...
compiling stm32l1xx_ll_pwr.c...
compiling stm32l1xx_ll_rcc.c...
compiling stm32l1xx_ll_lcd.c...
compiling stm32l1xx_ll_utils.c...
compiling stm32l152_glass_lcd.c...
compiling main.c...
..\src\main.c(13): warning:  #1295-D: Deprecated declaration Call_distance - give arg types
  float Call_distance();
..\src\main.c(294): warning:  #1-D: last line of file ends without a newline
  }
..\src\main.c: 2 warnings, 0 errors
compiling stm32l1xx_ll_gpio.c...
compiling stm32l1xx_ll_tim.c...
compiling dwt_delay.c...
compiling RTX_Conf_CM.c...
linking...
Program Size: Code=6872 RO-data=320 RW-data=72 ZI-data=14632  
".\Objects\STM32L152RB.axf" - 0 Error(s), 2 Warning(s).

<h2>Software Packages used:</h2>

Package Vendor: Keil
                http://www.keil.com/pack/Keil.STM32L1xx_DFP.1.3.0.pack
                Keil.STM32L1xx_DFP.1.3.0
                STMicroelectronics STM32L1 Series Device Support and Examples

<h2>Collection of Component include folders:</h2>
  .\RTE\_Demonstrate
  C:\Users\wwwma\AppData\Local\Arm\Packs\Keil\STM32L1xx_DFP\1.3.0\Drivers\CMSIS\Device\ST\STM32L1xx\Include

<h2>Collection of Component Files used:</h2>
Build Time Elapsed:  00:00:04
</pre>
</body>
</html>
